---
source: src/authorship/authorship_log_serialization.rs
expression: ranges
---
[
    Single(
        1,
    ),
    Single(
        2,
    ),
    Range(
        19,
        222,
    ),
]
