---
source: src/log_fmt/authorship_log_2.rs
expression: formatted
---
"1,5,10-15,25-30,50,100-200"
