---
source: src/authorship/authorship_log_serialization.rs
expression: format_line_ranges(&ranges)
---
"1,2,19-222"
