---
source: tests/initial_attributions.rs
expression: normalized_b
---
"COMMIT_SHA (mock_ai TIMESTAMP 1) line 1 in B\nCOMMIT_SHA (mock_ai TIMESTAMP 2) line 2 in B\n"
