---
source: tests/reset.rs
expression: snapshot_checkpoints(&checkpoints)
---
[]
