---
source: tests/reset.rs
expression: snapshot_checkpoints(&checkpoints_after)
---
[]
