---
source: tests/simple_additions.rs
expression: blame
---
{
    1: "Test User",
    2: "cursor",
    3: "Test User",
    4: "Test User",
    5: "Test User",
}
