---
source: tests/simple_additions.rs
expression: authorship_log
---
AuthorshipLogV3 {
    attestations: [],
    metadata: AuthorshipMetadata {
        schema_version: "authorship/3.0.0",
        base_commit_sha: "initial",
        prompts: {
            "1cee1d9": PromptRecord {
                agent_id: AgentId {
                    tool: "cursor",
                    id: "test_session_fixed",
                    model: "claude-3-sonnet",
                },
                human_author: Some(
                    "Test User <test@example.com>",
                ),
                messages: [],
            },
        },
    },
}
