---
source: tests/simple_additions.rs
expression: blame
---
{
    1: "Test User",
    2: "Test User",
    3: "Test User",
    4: "windsurf",
}
