---
source: tests/simple_additions.rs
expression: blame
---
{
    1: "Not Committed Yet",
    2: "Test User",
    3: "Test User",
    4: "Test User",
    5: "Test User",
    6: "Test User",
    7: "Test User",
    8: "Test User",
    9: "Test User",
    10: "Test User",
    11: "Test User",
    12: "Test User",
    13: "Test User",
    14: "Test User",
    15: "Test User",
    16: "Test User",
    17: "Test User",
    18: "Test User",
    19: "Test User",
    20: "Test User",
    21: "Test User",
    22: "cursor",
    23: "cursor",
    24: "cursor",
    25: "cursor",
    26: "cursor",
    27: "cursor",
    28: "cursor",
    29: "cursor",
    30: "cursor",
    31: "cursor",
}
