---
source: src/log_fmt/authorship_log_2.rs
expression: ranges
---
[
    Single(
        1,
    ),
    Single(
        2,
    ),
    Range(
        19,
        222,
    ),
]
