---
source: src/log_fmt/authorship_log_serialization.rs
expression: serialized
---
"src/example.rs\n  c9883b0 1-10\n---\n{\n  \"schema_version\": \"authorship/3.0.0\",\n  \"base_commit_sha\": \"\",\n  \"prompts\": {\n    \"c9883b0\": {\n      \"agent_id\": {\n        \"tool\": \"cursor\",\n        \"id\": \"session_123\",\n        \"model\": \"claude-3-sonnet\"\n      },\n      \"human_author\": null,\n      \"messages\": []\n    }\n  }\n}"
